// Jest Snapshot v1, https://goo.gl/fbAQLP

exports[`wrapper should convert the existing table 1`] = `"<div id=\\"wrapper\\"><table id=\\"myTable\\" style=\\"display: none;\\"><thead><tr><th>Name</th><th>Age</th></tr></thead><tbody><tr><td>john</td><td>25</td></tr><tr><td>mark</td><td>55</td></tr><tr><td>oj</td><td>420</td></tr></tbody></table><div><div role=\\"complementary\\" class=\\"gridjs gridjs-container\\" style=\\"width: 100%;\\"><div class=\\"gridjs-wrapper\\" style=\\"height: auto;\\"><table role=\\"grid\\" class=\\"gridjs-table\\" style=\\"height: auto;\\"><thead class=\\"gridjs-thead\\"><tr class=\\"gridjs-tr\\"><th data-column-id=\\"name\\" class=\\"gridjs-th\\"><div class=\\"gridjs-th-content\\">Name</div></th><th data-column-id=\\"age\\" class=\\"gridjs-th\\"><div class=\\"gridjs-th-content\\">Age</div></th></tr></thead><tbody class=\\"gridjs-tbody\\"><tr class=\\"gridjs-tr\\"><td data-column-id=\\"name\\" class=\\"gridjs-td\\">john</td><td data-column-id=\\"age\\" class=\\"gridjs-td\\">25</td></tr><tr class=\\"gridjs-tr\\"><td data-column-id=\\"name\\" class=\\"gridjs-td\\">mark</td><td data-column-id=\\"age\\" class=\\"gridjs-td\\">55</td></tr><tr class=\\"gridjs-tr\\"><td data-column-id=\\"name\\" class=\\"gridjs-td\\">oj</td><td data-column-id=\\"age\\" class=\\"gridjs-td\\">420</td></tr></tbody></table></div><div id=\\"gridjs-temp\\" class=\\"gridjs-temp\\"></div></div></div></div>"`;

exports[`wrapper should render a table with custom headers 1`] = `"<div id=\\"wrapper\\"><div role=\\"complementary\\" class=\\"gridjs gridjs-container\\" style=\\"width: 100%;\\"><div class=\\"gridjs-wrapper\\" style=\\"height: auto;\\"><table role=\\"grid\\" class=\\"gridjs-table\\" style=\\"height: auto;\\"><thead class=\\"gridjs-thead\\"><tr class=\\"gridjs-tr\\"><th data-column-id=\\"a\\" class=\\"gridjs-th\\"><div class=\\"gridjs-th-content\\">a</div></th><th data-column-id=\\"b\\" class=\\"gridjs-th\\"><div class=\\"gridjs-th-content\\">b</div></th><th data-column-id=\\"c\\" class=\\"gridjs-th\\" style=\\"width: 200px;\\"><div class=\\"gridjs-th-content\\">c</div></th></tr></thead><tbody class=\\"gridjs-tbody\\"><tr class=\\"gridjs-tr\\"><td data-column-id=\\"a\\" class=\\"gridjs-td\\">1</td><td data-column-id=\\"b\\" class=\\"gridjs-td\\">2</td><td data-column-id=\\"c\\" class=\\"gridjs-td\\">3</td></tr></tbody></table></div><div id=\\"gridjs-temp\\" class=\\"gridjs-temp\\"></div></div></div>"`;

exports[`wrapper should render the table 1`] = `"<div id=\\"wrapper\\"><div role=\\"complementary\\" class=\\"gridjs gridjs-container\\" style=\\"width: 100%;\\"><div class=\\"gridjs-wrapper\\" style=\\"height: auto;\\"><table role=\\"grid\\" class=\\"gridjs-table\\" style=\\"height: auto;\\"><tbody class=\\"gridjs-tbody\\"><tr class=\\"gridjs-tr\\"><td class=\\"gridjs-td\\">1</td><td class=\\"gridjs-td\\">2</td><td class=\\"gridjs-td\\">3</td></tr></tbody></table></div><div id=\\"gridjs-temp\\" class=\\"gridjs-temp\\"></div></div></div>"`;
